[Tue Dec 30 10:21:35 2025] PHP 8.3.6 Development Server (http://localhost:8000) started
[Tue Dec 30 10:21:43 2025] [::1]:48570 Accepted
[Tue Dec 30 10:21:43 2025] [::1]:48570 [200]: GET /
[Tue Dec 30 10:21:43 2025] [::1]:48570 Closing
[Tue Dec 30 10:21:43 2025] [::1]:48580 Accepted
[Tue Dec 30 10:21:43 2025] [::1]:48580 [200]: GET /css/style.css
[Tue Dec 30 10:21:43 2025] [::1]:48580 Closing
[Tue Dec 30 10:21:43 2025] [::1]:48584 Accepted
[Tue Dec 30 10:21:43 2025] [::1]:48584 [200]: GET /service-worker.js
[Tue Dec 30 10:21:43 2025] [::1]:48584 Closing
[Tue Dec 30 10:21:43 2025] [::1]:48596 Accepted
[Tue Dec 30 10:21:43 2025] [::1]:48608 Accepted
[Tue Dec 30 10:21:43 2025] [::1]:48610 Accepted
[Tue Dec 30 10:21:43 2025] [::1]:48596 [200]: GET /index.php
[Tue Dec 30 10:21:43 2025] [::1]:48596 Closing
[Tue Dec 30 10:21:43 2025] [::1]:48608 [200]: GET /
[Tue Dec 30 10:21:43 2025] [::1]:48608 Closing
[Tue Dec 30 10:21:43 2025] [::1]:48610 [200]: GET /css/style.css
[Tue Dec 30 10:21:43 2025] [::1]:48610 Closing
[Tue Dec 30 10:21:43 2025] [::1]:48626 Accepted
[Tue Dec 30 10:21:43 2025] [::1]:48626 [200]: GET /manifest.json
[Tue Dec 30 10:21:43 2025] [::1]:48626 Closing
